../Core/Inc/button.hpp:22:5:Button::Button(bool, volatile uint32_t*, uint16_t)	24	static
../Core/Src/main.cpp:72:5:int main()	24	static
../Core/Src/main.cpp:129:6:void SystemClock_Config()	88	static
../Core/Src/main.cpp:170:13:void MX_NVIC_Init()	8	static
../Core/Src/main.cpp:182:13:void MX_TIM2_Init()	32	static
../Core/Src/main.cpp:227:13:void MX_GPIO_Init()	40	static
../Core/Src/main.cpp:259:6:void HAL_TIM_PeriodElapsedCallback(TIM_HandleTypeDef*)	16	static
../Core/Src/main.cpp:278:6:void Error_Handler()	4	static,ignoring_inline_asm
../Core/Src/main.cpp:287:1:void __static_initialization_and_destruction_0(int, int)	16	static
../Core/Src/main.cpp:287:1:cpp)	8	static
